// Jest Snapshot v1, https://goo.gl/fbAQLP

exports[`Header renders correctly 1`] = `
<div>
  <div
    class="sc-bdVaJa iDGsLm"
  >
    <header>
      <div>
        <h1>
          <a
            href="/"
            style="color: white; text-decoration: none;"
          >
            Default Starter
          </a>
        </h1>
      </div>
    </header>
  </div>
</div>
`;
